Command: /home/abdsh/.espressif/python_env/idf6.1_py3.14_env/bin/python /home/abdsh/esp/esp-idf/tools/idf_monitor.py -p /dev/ttyUSB0 -b 115200 --toolchain-prefix xtensa-esp32-elf- --target esp32 --revision 0 /home/abdsh/me/EmbeddedSystems/WRO_Future_Engineer_2026/02_Software/01_firmware-codes/build/WRO_Future_Engineer_2026.elf /home/abdsh/me/EmbeddedSystems/WRO_Future_Engineer_2026/02_Software/01_firmware-codes/build/bootloader/bootloader.elf -m '/home/abdsh/.espressif/python_env/idf6.1_py3.14_env/bin/python' '/home/abdsh/esp/esp-idf/tools/idf.py' '-p' '/dev/ttyUSB0'
��������ets Jul 29 2019 12:21:46

rst:0x1 (POWERON_RESET),boot:0x12 (SPI_FAST_FLASH_BOOT)
configsip: 0, SPIWP:0xee
clk_drv:0x00,q_drv:0x00,d_drv:0x00,cs0_drv:0x00,hd_drv:0x00,wp_drv:0x00
mode:DIO, clock div:2
load:0x3fff0040,len:6272
load:0x40078000,len:15848
load:0x40080400,len:3920
entry 0x40080644
[0;32mI (27) boot: ESP-IDF v6.1-dev-2938-g12f36a021f 2nd stage bootloader[0m
[0;32mI (27) boot: compile time May 18 2026 19:22:51[0m
[0;32mI (28) boot: Multicore bootloader[0m
[0;32mI (30) boot: chip revision: v3.1[0m
[0;32mI (33) boot.esp32: SPI Speed      : 40MHz[0m
[0;32mI (37) boot.esp32: SPI Mode       : DIO[0m
[0;32mI (40) boot.esp32: SPI Flash Size : 2MB[0m
[0;32mI (44) boot: Enabling RNG early entropy source...[0m
[0;32mI (49) boot: Partition Table:[0m
[0;32mI (51) boot: ## Label            Usage          Type ST Offset   Length[0m
[0;32mI (57) boot:  0 nvs              WiFi data        01 02 00009000 00006000[0m
[0;32mI (64) boot:  1 phy_init         RF data          01 01 0000f000 00001000[0m
[0;32mI (71) boot:  2 factory          factory app      00 00 00010000 00100000[0m
[0;32mI (77) boot: End of partition table[0m
[0;32mI (80) esp_image: segment 0: paddr=00010020 vaddr=3f400020 size=0b0b8h ( 45240) map[0m
[0;32mI (104) esp_image: segment 1: paddr=0001b0e0 vaddr=3ffb0000 size=02ac0h ( 10944) load[0m
[0;32mI (108) esp_image: segment 2: paddr=0001dba8 vaddr=40080000 size=02470h (  9328) load[0m
[0;32mI (113) esp_image: segment 3: paddr=00020020 vaddr=400d0020 size=13330h ( 78640) map[0m
[0;32mI (143) esp_image: segment 4: paddr=00033358 vaddr=40082470 size=09eb8h ( 40632) load[0m
[0;32mI (160) esp_image: segment 5: paddr=0003d218 vaddr=50000000 size=00028h (    40) load[0m
[0;32mI (167) boot: Loaded app from partition at offset 0x10000[0m
[0;32mI (167) boot: Disabling RNG early entropy source...[0m
[0;32mI (178) cpu_start: Multicore app[0m
[0;32mI (186) cpu_start: GPIO 3 and 1 are used as console UART I/O pins[0m
[0;32mI (187) cpu_start: Pro cpu start user code[0m
[0;32mI (187) cpu_start: cpu freq: 160000000 Hz[0m
[0;32mI (189) app_init: Application information:[0m
[0;32mI (192) app_init: Project name:     WRO_Future_Engineer_2026[0m
[0;32mI (198) app_init: App version:      a096a22-dirty[0m
[0;32mI (202) app_init: Compile time:     May 18 2026 19:22:43[0m
[0;32mI (207) app_init: ELF file SHA256:  326ab07cd...[0m
[0;32mI (212) app_init: ESP-IDF:          v6.1-dev-2938-g12f36a021f[0m
[0;32mI (217) efuse_init: Min chip rev:     v0.0[0m
[0;32mI (221) efuse_init: Max chip rev:     v3.99 [0m
[0;32mI (225) efuse_init: Chip rev:         v3.1[0m
[0;32mI (229) heap_init: Initializing. RAM available for dynamic allocation:[0m
[0;32mI (235) heap_init: At 3FFAE6E0 len 00001920 (6 KiB): DRAM[0m
[0;32mI (240) heap_init: At 3FFB3778 len 0002C888 (178 KiB): DRAM[0m
[0;32mI (245) heap_init: At 3FFE0440 len 00003AE0 (14 KiB): D/IRAM[0m
[0;32mI (251) heap_init: At 3FFE4350 len 0001BCB0 (111 KiB): D/IRAM[0m
[0;32mI (256) heap_init: At 4008C328 len 00013CD8 (79 KiB): IRAM[0m
[0;33mW (263) spi_flash: Detected boya flash chip but using generic driver. For optimal functionality, enable `SPI_FLASH_SUPPORT_BOYA_CHIP` in menuconfig[0m
[0;32mI (275) spi_flash: detected chip: generic[0m
[0;32mI (278) spi_flash: flash io: dio[0m
[0;33mW (281) spi_flash: Detected size(4096k) larger than the size in the binary image header(2048k). Using the size in the binary image header.[0m
[0;33mW (294) i2c: This driver is an old driver, please migrate your application code to adapt `driver/i2c_master.h`[0m
[0;32mI (304) main_task: Started on CPU0[0m
[0;32mI (314) main_task: Calling app_main()[0m
[0;32mI (2664) MAIN: BNO055 ready.[0m
[1;31mE (7694) task_wdt: Task watchdog got triggered. The following tasks/users did not reset the watchdog in time:[0m
[1;31mE (7694) task_wdt:  - IDLE0 (CPU 0)[0m
[1;31mE (7694) task_wdt: Tasks currently running:[0m
[1;31mE (7694) task_wdt: CPU 0: ctrl_task[0m
[1;31mE (7694) task_wdt: CPU 1: IDLE1[0m
[1;31mE (7694) task_wdt: Print CPU 0 (current core) backtrace[0m


Backtrace: 0x400DC426:0x3FFB1240 0x400DC7F8:0x3FFB1260 0x40083315:0x3FFB1290 0x4000BFED:0x3FFB6C20 0x4008767A:0x3FFB6C30 0x400D9548:0x3FFB6C50 0x400D6649:0x3FFB6C70 0x400D6D37:0x3FFB6C90 0x400D6825:0x3FFB6CB0 0x400E10BD:0x3FFB6D10

[1;31mE (12694) task_wdt: Task watchdog got triggered. The following tasks/users did not reset the watchdog in time:[0m
[1;31mE (12694) task_wdt:  - IDLE0 (CPU 0)[0m
[1;31mE (12694) task_wdt: Tasks currently running:[0m
[1;31mE (12694) task_wdt: CPU 0: ctrl_task[0m
[1;31mE (12694) task_wdt: CPU 1: IDLE1[0m
[1;31mE (12694) task_wdt: Print CPU 0 (current core) backtrace[0m


Backtrace: 0x400DC426:0x3FFB1240 0x400DC7F8:0x3FFB1260 0x40083315:0x3FFB1290 0x4000BFED:0x3FFB6C20 0x4008767A:0x3FFB6C30 0x400D9548:0x3FFB6C50 0x400D6649:0x3FFB6C70 0x400D6D37:0x3FFB6C90 0x400D6825:0x3FFB6CB0 0x400E10BD:0x3FFB6D10

[1;31mE (17694) task_wdt: Task watchdog got triggered. The following tasks/users did not reset the watchdog in time:[0m
[1;31mE (17694) task_wdt:  - IDLE0 (CPU 0)[0m
[1;31mE (17694) task_wdt: Tasks currently running:[0m
[1;31mE (17694) task_wdt: CPU 0: ctrl_task[0m
[1;31mE (17694) task_wdt: CPU 1: IDLE1[0m
[1;31mE (17694) task_wdt: Print CPU 0 (current core) backtrace[0m


Backtrace: 0x400DC426:0x3FFB1240 0x400DC7F8:0x3FFB1260 0x40083315:0x3FFB1290 0x4000BFED:0x3FFB6C20 0x4008767A:0x3FFB6C30 0x400D9548:0x3FFB6C50 0x400D6649:0x3FFB6C70 0x400D6D37:0x3FFB6C90 0x400D6825:0x3FFB6CB0 0x400E10BD:0x3FFB6D10

[1;31mE (22694) task_wdt: Task watchdog got triggered. The following tasks/users did not reset the watchdog in time:[0m
[1;31mE (22694) task_wdt:  - IDLE0 (CPU 0)[0m
[1;31mE (22694) task_wdt: Tasks currently running:[0m
[1;31mE (22694) task_wdt: CPU 0: ctrl_task[0m
[1;31mE (22694) task_wdt: CPU 1: IDLE1[0m
[1;31mE (22694) task_wdt: Print CPU 0 (current core) backtrace[0m


Backtrace: 0x400DC426:0x3FFB1240 0x400DC7F8:0x3FFB1260 0x40083315:0x3FFB1290 0x4000BFED:0x3FFB6C20 0x4008767A:0x3FFB6C30 0x400D9548:0x3FFB6C50 0x400D6649:0x3FFB6C70 0x400D6D37:0x3FFB6C90 0x400D6825:0x3FFB6CB0 0x400E10BD:0x3FFB6D10

