Command: /home/abdsh/.espressif/python_env/idf6.1_py3.14_env/bin/python /home/abdsh/esp/esp-idf/tools/idf_monitor.py -p /dev/ttyUSB0 -b 115200 --toolchain-prefix xtensa-esp32-elf- --target esp32 --revision 0 /home/abdsh/me/EmbeddedSystems/WRO_Future_Engineer_2026/02_Software/01_firmware-codes/build/WRO_Future_Engineer_2026.elf /home/abdsh/me/EmbeddedSystems/WRO_Future_Engineer_2026/02_Software/01_firmware-codes/build/bootloader/bootloader.elf -m '/home/abdsh/.espressif/python_env/idf6.1_py3.14_env/bin/python' '/home/abdsh/esp/esp-idf/tools/idf.py' '-p' '/dev/ttyUSB0'
x����()
ets Jul 29 2019 12:21:46

rst:0x1 (POWERON_RESET),boot:0x12 (SPI_FAST_FLASH_BOOT)
configsip: 0, SPIWP:0xee
clk_drv:0x00,q_drv:0x00,d_drv:0x00,cs0_drv:0x00,hd_drv:0x00,wp_drv:0x00
mode:DIO, clock div:2
load:0x3fff0040,len:6272
load:0x40078000,len:15848
load:0x40080400,len:3920
entry 0x40080644
[0;32mI (27) boot: ESP-IDF v6.1-dev-2938-g12f36a021f 2nd stage bootloader[0m
[0;32mI (27) boot: compile time May 18 2026 19:22:51[0m
[0;32mI (28) boot: Multicore bootloader[0m
[0;32mI (30) boot: chip revision: v3.1[0m
[0;32mI (33) boot.esp32: SPI Speed      : 40MHz[0m
[0;32mI (37) boot.esp32: SPI Mode       : DIO[0m
[0;32mI (40) boot.esp32: SPI Flash Size : 2MB[0m
[0;32mI (44) boot: Enabling RNG early entropy source...[0m
[0;32mI (49) boot: Partition Table:[0m
[0;32mI (51) boot: ## Label            Usage          Type ST Offset   Length[0m
[0;32mI (57) boot:  0 nvs              WiFi data        01 02 00009000 00006000[0m
[0;32mI (64) boot:  1 phy_init         RF data          01 01 0000f000 00001000[0m
[0;32mI (71) boot:  2 factory          factory app      00 00 00010000 00100000[0m
[0;32mI (77) boot: End of partition table[0m
[0;32mI (80) esp_image: segment 0: paddr=00010020 vaddr=3f400020 size=0b058h ( 45144) map[0m
[0;32mI (104) esp_image: segment 1: paddr=0001b080 vaddr=3ffb0000 size=02ac0h ( 10944) load[0m
[0;32mI (108) esp_image: segment 2: paddr=0001db48 vaddr=40080000 size=024d0h (  9424) load[0m
[0;32mI (113) esp_image: segment 3: paddr=00020020 vaddr=400d0020 size=12d94h ( 77204) map[0m
[0;32mI (143) esp_image: segment 4: paddr=00032dbc vaddr=400824d0 size=09e58h ( 40536) load[0m
[0;32mI (160) esp_image: segment 5: paddr=0003cc1c vaddr=50000000 size=00028h (    40) load[0m
[0;32mI (166) boot: Loaded app from partition at offset 0x10000[0m
[0;32mI (166) boot: Disabling RNG early entropy source...[0m
[0;32mI (178) cpu_start: Multicore app[0m
[0;32mI (186) cpu_start: GPIO 3 and 1 are used as console UART I/O pins[0m
[0;32mI (186) cpu_start: Pro cpu start user code[0m
[0;32mI (186) cpu_start: cpu freq: 160000000 Hz[0m
[0;32mI (188) app_init: Application information:[0m
[0;32mI (192) app_init: Project name:     WRO_Future_Engineer_2026[0m
[0;32mI (197) app_init: App version:      a096a22-dirty[0m
[0;32mI (202) app_init: Compile time:     May 18 2026 19:22:43[0m
[0;32mI (207) app_init: ELF file SHA256:  0ef912c18...[0m
[0;32mI (211) app_init: ESP-IDF:          v6.1-dev-2938-g12f36a021f[0m
[0;32mI (217) efuse_init: Min chip rev:     v0.0[0m
[0;32mI (220) efuse_init: Max chip rev:     v3.99 [0m
[0;32mI (224) efuse_init: Chip rev:         v3.1[0m
[0;32mI (228) heap_init: Initializing. RAM available for dynamic allocation:[0m
[0;32mI (235) heap_init: At 3FFAE6E0 len 00001920 (6 KiB): DRAM[0m
[0;32mI (240) heap_init: At 3FFB3758 len 0002C8A8 (178 KiB): DRAM[0m
[0;32mI (245) heap_init: At 3FFE0440 len 00003AE0 (14 KiB): D/IRAM[0m
[0;32mI (250) heap_init: At 3FFE4350 len 0001BCB0 (111 KiB): D/IRAM[0m
[0;32mI (256) heap_init: At 4008C328 len 00013CD8 (79 KiB): IRAM[0m
[0;33mW (262) spi_flash: Detected boya flash chip but using generic driver. For optimal functionality, enable `SPI_FLASH_SUPPORT_BOYA_CHIP` in menuconfig[0m
[0;32mI (274) spi_flash: detected chip: generic[0m
[0;32mI (278) spi_flash: flash io: dio[0m
[0;33mW (281) spi_flash: Detected size(4096k) larger than the size in the binary image header(2048k). Using the size in the binary image header.[0m
[0;33mW (293) i2c: This driver is an old driver, please migrate your application code to adapt `driver/i2c_master.h`[0m
[0;32mI (303) main_task: Started on CPU0[0m
[0;32mI (313) main_task: Calling app_main()[0m
[0;32mI (2663) MAIN: BNO055 ready.[0m
[0;32mI (2763) IMU: Yaw: 60.21[0m
[0;32mI (2863) IMU: Yaw: 95.56[0m
[0;32mI (2963) IMU: Yaw: 95.56[0m
[0;32mI (3063) IMU: Yaw: 95.56[0m
[0;32mI (3163) IMU: Yaw: 95.56[0m
[0;32mI (3263) IMU: Yaw: 95.56[0m
[0;32mI (3363) IMU: Yaw: 95.56[0m
[0;32mI (3463) IMU: Yaw: 95.56[0m
[0;32mI (3563) IMU: Yaw: 95.56[0m
[0;32mI (3663) IMU: Yaw: 95.56[0m
[0;32mI (3763) IMU: Yaw: 95.56[0m
[0;32mI (3863) IMU: Yaw: 95.56[0m
[0;32mI (3963) IMU: Yaw: 95.56[0m
[0;32mI (4063) IMU: Yaw: 95.56[0m
[0;32mI (4163) IMU: Yaw: 95.56[0m
[0;32mI (4263) IMU: Yaw: 95.56[0m
[0;32mI (4363) IMU: Yaw: 95.56[0m
[0;32mI (4463) IMU: Yaw: 95.56[0m
[0;32mI (4563) IMU: Yaw: 95.56[0m
[0;32mI (4663) IMU: Yaw: 95.56[0m
[0;32mI (4763) IMU: Yaw: 95.56[0m
[0;32mI (4863) IMU: Yaw: 95.56[0m
[0;32mI (4963) IMU: Yaw: 95.56[0m
[0;32mI (5063) IMU: Yaw: 95.56[0m
[0;32mI (5163) IMU: Yaw: 95.56[0m
[0;32mI (5263) IMU: Yaw: 95.56[0m
[0;32mI (5363) IMU: Yaw: 95.56[0m
[0;32mI (5463) IMU: Yaw: 95.56[0m
[0;32mI (5563) IMU: Yaw: 95.56[0m
[0;32mI (5663) IMU: Yaw: 95.56[0m
[0;32mI (5763) IMU: Yaw: 95.56[0m
[0;32mI (5863) IMU: Yaw: 95.56[0m
[0;32mI (5963) IMU: Yaw: 95.56[0m
[0;32mI (6063) IMU: Yaw: 95.56[0m
[0;32mI (6163) IMU: Yaw: 95.56[0m
[0;32mI (6263) IMU: Yaw: 95.56[0m
[0;32mI (6363) IMU: Yaw: 95.56[0m
[0;32mI (6463) IMU: Yaw: 95.56[0m
[0;32mI (6563) IMU: Yaw: 95.56[0m
[0;32mI (6663) IMU: Yaw: 95.51[0m
[0;32mI (6763) IMU: Yaw: 95.56[0m
[0;32mI (6863) IMU: Yaw: 95.94[0m
[0;32mI (6963) IMU: Yaw: 98.14[0m
[0;32mI (7063) IMU: Yaw: 100.57[0m
[0;32mI (7163) IMU: Yaw: 101.82[0m
[0;32mI (7263) IMU: Yaw: 103.05[0m
[0;32mI (7363) IMU: Yaw: 103.19[0m
[0;32mI (7463) IMU: Yaw: 102.70[0m
[0;32mI (7563) IMU: Yaw: 102.54[0m
[0;32mI (7663) IMU: Yaw: 102.20[0m
[0;32mI (7763) IMU: Yaw: 102.19[0m
[0;32mI (7863) IMU: Yaw: 102.19[0m
[0;32mI (7963) IMU: Yaw: 102.19[0m
[0;32mI (8063) IMU: Yaw: 102.19[0m
[0;32mI (8163) IMU: Yaw: 102.19[0m
[0;32mI (8263) IMU: Yaw: 102.19[0m
[0;32mI (8363) IMU: Yaw: 102.19[0m
[0;32mI (8463) IMU: Yaw: 102.19[0m
[0;32mI (8563) IMU: Yaw: 102.19[0m
[0;32mI (8663) IMU: Yaw: 102.19[0m
[0;32mI (8763) IMU: Yaw: 102.19[0m
[0;32mI (8863) IMU: Yaw: 102.19[0m
[0;32mI (8963) IMU: Yaw: 102.19[0m
[0;32mI (9063) IMU: Yaw: 102.19[0m
[0;32mI (9163) IMU: Yaw: 102.19[0m
[0;32mI (9263) IMU: Yaw: 102.19[0m
[0;32mI (9363) IMU: Yaw: 102.19[0m
[0;32mI (9463) IMU: Yaw: 102.19[0m
[0;32mI (9563) IMU: Yaw: 102.19[0m
[0;32mI (9663) IMU: Yaw: 102.19[0m
[0;32mI (9763) IMU: Yaw: 102.19[0m
[0;32mI (9863) IMU: Yaw: 102.19[0m
[0;32mI (9963) IMU: Yaw: 102.19[0m
[0;32mI (10063) IMU: Yaw: 102.19[0m
[0;32mI (10163) IMU: Yaw: 102.19[0m
[0;32mI (10263) IMU: Yaw: 102.19[0m
[0;32mI (10363) IMU: Yaw: 102.19[0m
[0;32mI (10463) IMU: Yaw: 102.19[0m
[0;32mI (10563) IMU: Yaw: 102.19[0m
[0;32mI (10663) IMU: Yaw: 102.19[0m
[0;32mI (10763) IMU: Yaw: 102.19[0m
[0;32mI (10863) IMU: Yaw: 102.19[0m
[0;32mI (10963) IMU: Yaw: 102.19[0m
[0;32mI (11063) IMU: Yaw: 102.19[0m
[0;32mI (11163) IMU: Yaw: 102.19[0m
[0;32mI (11263) IMU: Yaw: 102.19[0m
[0;32mI (11363) IMU: Yaw: 102.19[0m
[0;32mI (11463) IMU: Yaw: 102.19[0m
[0;32mI (11563) IMU: Yaw: 102.19[0m
[0;32mI (11663) IMU: Yaw: 102.19[0m
[0;32mI (11763) IMU: Yaw: 102.19[0m
[0;32mI (11863) IMU: Yaw: 102.19[0m
[0;32mI (11963) IMU: Yaw: 102.19[0m
[0;32mI (12063) IMU: Yaw: 102.19[0m
[0;32mI (12163) IMU: Yaw: 102.19[0m
[0;32mI (12263) IMU: Yaw: 102.19[0m
[0;32mI (12363) IMU: Yaw: 102.19[0m
[0;32mI (12463) IMU: Yaw: 102.19[0m
[0;32mI (12563) IMU: Yaw: 102.19[0m
[0;32mI (12663) IMU: Yaw: 102.19[0m
[0;32mI (12763) IMU: Yaw: 102.19[0m
[0;32mI (12863) IMU: Yaw: 102.19[0m
[0;32mI (12963) IMU: Yaw: 102.19[0m
[0;32mI (13063) IMU: Yaw: 102.19[0m
[0;32mI (13163) IMU: Yaw: 102.19[0m
[0;32mI (13263) IMU: Yaw: 102.19[0m
[0;32mI (13363) IMU: Yaw: 102.19[0m
[0;32mI (13463) IMU: Yaw: 102.19[0m
[0;32mI (13563) IMU: Yaw: 102.19[0m
[0;32mI (13663) IMU: Yaw: 102.19[0m
[0;32mI (13763) IMU: Yaw: 102.19[0m
[0;32mI (13863) IMU: Yaw: 102.19[0m
[0;32mI (13963) IMU: Yaw: 102.19[0m
[0;32mI (14063) IMU: Yaw: 102.19[0m
[0;32mI (14163) IMU: Yaw: 102.19[0m
[0;32mI (14263) IMU: Yaw: 102.19[0m
[0;32mI (14363) IMU: Yaw: 102.19[0m
[0;32mI (14463) IMU: Yaw: 102.19[0m
[0;32mI (14563) IMU: Yaw: 102.19[0m
[0;32mI (14663) IMU: Yaw: 102.19[0m
[0;32mI (14763) IMU: Yaw: 102.19[0m
[0;32mI (14863) IMU: Yaw: 102.19[0m
[0;32mI (14963) IMU: Yaw: 102.19[0m
[0;32mI (15063) IMU: Yaw: 102.19[0m
[0;32mI (15163) IMU: Yaw: 102.19[0m
[0;32mI (15263) IMU: Yaw: 102.19[0m
[0;32mI (15363) IMU: Yaw: 102.19[0m
[0;32mI (15463) IMU: Yaw: 102.19[0m
[0;32mI (15563) IMU: Yaw: 102.19[0m
[0;32mI (15663) IMU: Yaw: 102.19[0m
[0;32mI (15763) IMU: Yaw: 102.19[0m
[0;32mI (15863) IMU: Yaw: 102.19[0m
[0;32mI (15963) IMU: Yaw: 102.19[0m
[0;32mI (16063) IMU: Yaw: 102.19[0m
[0;32mI (16163) IMU: Yaw: 102.19[0m
[0;32mI (16263) IMU: Yaw: 102.19[0m
[0;32mI (16363) IMU: Yaw: 102.19[0m
[0;32mI (16463) IMU: Yaw: 102.19[0m
[0;32mI (16563) IMU: Yaw: 102.19[0m
[0;32mI (16663) IMU: Yaw: 102.19[0m
[0;32mI (16763) IMU: Yaw: 102.19[0m
[0;32mI (16863) IMU: Yaw: 102.19[0m
[0;32mI (16963) IMU: Yaw: 102.19[0m
[0;32mI (17063) IMU: Yaw: 102.19[0m
[0;32mI (17163) IMU: Yaw: 102.19[0m
[0;32mI (17263) IMU: Yaw: 102.19[0m
[0;32mI (17363) IMU: Yaw: 102.19[0m
[0;32mI (17463) IMU: Yaw: 102.19[0m
[0;32mI (17563) IMU: Yaw: 102.19[0m
[0;32mI (17663) IMU: Yaw: 102.19[0m
[0;32mI (17763) IMU: Yaw: 102.19[0m
[0;32mI (17863) IMU: Yaw: 102.19[0m
[0;32mI (17963) IMU: Yaw: 102.19[0m
[0;32mI (18063) IMU: Yaw: 102.19[0m
[0;32mI (18163) IMU: Yaw: 102.19[0m
[0;32mI (18263) IMU: Yaw: 102.19[0m
[0;32mI (18363) IMU: Yaw: 102.19[0m
[0;32mI (18463) IMU: Yaw: 102.19[0m
[0;32mI (18563) IMU: Yaw: 102.19[0m
[0;32mI (18663) IMU: Yaw: 102.19[0m
[0;32mI (18763) IMU: Yaw: 102.19[0m
[0;32mI (18863) IMU: Yaw: 102.19[0m
[0;32mI (18963) IMU: Yaw: 102.19[0m
[0;32mI (19063) IMU: Yaw: 102.19[0m
[0;32mI (19163) IMU: Yaw: 102.19[0m
[0;32mI (19263) IMU: Yaw: 102.19[0m
[0;32mI (19363) IMU: Yaw: 102.19[0m
[0;32mI (19463) IMU: Yaw: 102.19[0m
[0;32mI (19563) IMU: Yaw: 102.19[0m
[0;32mI (19663) IMU: Yaw: 102.19[0m
[0;32mI (19763) IMU: Yaw: 102.19[0m
[0;32mI (19863) IMU: Yaw: 102.19[0m
[0;32mI (19963) IMU: Yaw: 102.19[0m
[0;32mI (20063) IMU: Yaw: 102.19[0m
[0;32mI (20163) IMU: Yaw: 102.19[0m
[0;32mI (20263) IMU: Yaw: 102.19[0m
